// Jest Snapshot v1, https://goo.gl/fbAQLP

exports[`renders correctly 1`] = `
<View
  accessible={true}
  focusable={true}
  onClick={[Function]}
  onResponderGrant={[Function]}
  onResponderMove={[Function]}
  onResponderRelease={[Function]}
  onResponderTerminate={[Function]}
  onResponderTerminationRequest={[Function]}
  onStartShouldSetResponder={[Function]}
>
  <View>
    <Image
      source={
        Object {
          "testUri": "../../../js/image/camera.png",
        }
      }
      style={
        Object {
          "height": 14.6484375,
          "padding": 14.6484375,
          "resizeMode": "contain",
          "width": 14.6484375,
        }
      }
    />
    <Image
      source={null}
      style={
        Object {
          "height": 190.4296875,
          "resizeMode": "contain",
          "width": 256.34765625,
        }
      }
    />
  </View>
</View>
`;
